// Jest Snapshot v1, https://goo.gl/fbAQLP

exports[`App component  should render correctly 1`] = `
<div
  className="App"
>
  <main
    className="App-main"
  />
</div>
`;
