// Jest Snapshot v1, https://goo.gl/fbAQLP

exports[`Accelerometer component  should render correctly 1`] = `
<div
  className="accelerometer"
>
  <div
    className="GenericSliderComponent"
  >
    <div
      className="inputSlider"
    >
      <span>
        X
      </span>
      <input
        aria-label="motion_x sensor input X"
        className="sliderValue"
        defaultValue="-1,023"
        onInput={[Function]}
        onKeyUp={[Function]}
        pattern="^-?[0-9]{0,4}$"
        type="text"
        value={1}
      />
      <span
        className="sliderArea"
      >
        <span
          className="upLabelArea"
        >
          <span
            className="minLabel"
          >
            -1023
          </span>
          <span
            className="maxLabel"
          >
            1023
          </span>
        </span>
        <input
          aria-label="motion_x sensor"
          aria-valuemax={1023}
          aria-valuemin={-1023}
          aria-valuenow={1}
          className="slider"
          defaultValue="-1,023"
          disabled={false}
          max={1023}
          min={-1023}
          onChange={[Function]}
          onKeyUp={[Function]}
          onMouseUp={[Function]}
          type="range"
          value={1}
        />
        <span
          className="downLabelArea"
        >
          <span
            className="minLabel"
          >
            Left
          </span>
          <span
            className="maxLabel"
          >
            Right
          </span>
        </span>
      </span>
    </div>
    <br />
    <div
      className="inputSlider"
    >
      <span>
        Y
      </span>
      <input
        aria-label="motion_y sensor input Y"
        className="sliderValue"
        defaultValue="-1,023"
        onInput={[Function]}
        onKeyUp={[Function]}
        pattern="^-?[0-9]{0,4}$"
        type="text"
        value={0}
      />
      <span
        className="sliderArea"
      >
        <span
          className="upLabelArea"
        >
          <span
            className="minLabel"
          >
            -1023
          </span>
          <span
            className="maxLabel"
          >
            1023
          </span>
        </span>
        <input
          aria-label="motion_y sensor"
          aria-valuemax={1023}
          aria-valuemin={-1023}
          aria-valuenow={0}
          className="slider"
          defaultValue="-1,023"
          disabled={false}
          max={1023}
          min={-1023}
          onChange={[Function]}
          onKeyUp={[Function]}
          onMouseUp={[Function]}
          type="range"
          value={0}
        />
        <span
          className="downLabelArea"
        >
          <span
            className="minLabel"
          >
            Back
          </span>
          <span
            className="maxLabel"
          >
            Front
          </span>
        </span>
      </span>
    </div>
    <br />
    <div
      className="inputSlider"
    >
      <span>
        Z
      </span>
      <input
        aria-label="motion_z sensor input Z"
        className="sliderValue"
        defaultValue="-1,023"
        onInput={[Function]}
        onKeyUp={[Function]}
        pattern="^-?[0-9]{0,4}$"
        type="text"
        value={1}
      />
      <span
        className="sliderArea"
      >
        <span
          className="upLabelArea"
        >
          <span
            className="minLabel"
          >
            -1023
          </span>
          <span
            className="maxLabel"
          >
            1023
          </span>
        </span>
        <input
          aria-label="motion_z sensor"
          aria-valuemax={1023}
          aria-valuemin={-1023}
          aria-valuenow={1}
          className="slider"
          defaultValue="-1,023"
          disabled={false}
          max={1023}
          min={-1023}
          onChange={[Function]}
          onKeyUp={[Function]}
          onMouseUp={[Function]}
          type="range"
          value={1}
        />
        <span
          className="downLabelArea"
        >
          <span
            className="minLabel"
          >
            Up
          </span>
          <span
            className="maxLabel"
          >
            Down
          </span>
        </span>
      </span>
    </div>
    <br />
  </div>
</div>
`;
